// Jest Snapshot v1, https://goo.gl/fbAQLP

exports[`Header 样式发生变化，做出提示  1`] = `
<div class="header">
  <div class="h_wrap">
    <div class="todoList">todoList</div> <input type="text" data-test="input" placeholder="doing something">
  </div>
</div>
`;
